// Jest Snapshot v1, https://goo.gl/fbAQLP

exports[`should render Expense Item List correctly 1`] = `
<div>
  <Link
    replace={false}
    to="/edit/1"
  >
    <h3>
      Gum
    </h3>
  </Link>
  <p>
    10
    -
    0
  </p>
</div>
`;
