// Jest Snapshot v1, https://goo.gl/fbAQLP

exports[`should render Expense List correctly 1`] = `
<div>
  <ExpenseItemList
    amount={10}
    createdAt={0}
    description="Gum"
    id="1"
    key="1"
    note=""
  />
  <ExpenseItemList
    amount={1000}
    createdAt={-345600000}
    description="Credit Card"
    id="2"
    key="2"
    note=""
  />
  <ExpenseItemList
    amount={1000000}
    createdAt={345600000}
    description="Rent"
    id="3"
    key="3"
    note=""
  />
</div>
`;

exports[`should render Expense List correctly without expenses 1`] = `
<div>
  <p>
    No Expense
  </p>
</div>
`;
