// Jest Snapshot v1, https://goo.gl/fbAQLP

exports[`should render Header correctly 1`] = `
<header>
  <h1>
    Expensify
  </h1>
  <NavLink
    activeClassName="active"
    ariaCurrent="true"
    to="/"
  >
    Go Home
  </NavLink>
  <NavLink
    activeClassName="active"
    ariaCurrent="true"
    to="/create"
  >
    Go AddExpensePage
  </NavLink>
  <button
    onClick={[Function]}
  >
    Log Out
  </button>
</header>
`;
